../Core/Src/main.c:52:11:xorshift	4	static
../Core/Src/main.c:89:6:ball_init	40	static
../Core/Src/main.c:100:6:border_check	16	static
../Core/Src/main.c:109:6:ball_routine	16	static
../Core/Src/main.c:115:7:distance_p	24	static
../Core/Src/main.c:118:6:ball_collision	24	static
../Core/Src/main.c:133:5:main	24	static
../Core/Src/main.c:187:6:SystemClock_Config	96	static
../Core/Src/main.c:233:13:MX_I2C1_Init	8	static
../Core/Src/main.c:281:13:MX_GPIO_Init	16	static
../Core/Src/main.c:301:6:Error_Handler	4	static,ignoring_inline_asm
